// Jest Snapshot v1, https://goo.gl/fbAQLP

exports[`AddwordsTypeComponent should render correctly 1`] = `
<ContentComponent>
  <h2>
    Add words by typying
  </h2>
  <form
    className="d-flex flex-column"
  >
    <div
      className="form-group"
    >
      <label
        htmlFor="search"
      >
        Type word:
      </label>
      <input
        className="custom-form-control"
        id="search"
        name="search_word"
        onChange={[MockFunction]}
        type="text"
        value=""
      />
    </div>
    <button
      className="custom-btn theme-primary mb-2 align-self-center"
    >
      Search
    </button>
  </form>
  <div
    className="row flex-column flex-lg-row px-0"
  />
  <AddwordsTypeModalComponent
    add_custom={[MockFunction]}
    cats={Array []}
    handleChange={[MockFunction]}
    modal={false}
    toggle_modal={[MockFunction]}
  />
</ContentComponent>
`;
