// Jest Snapshot v1, https://goo.gl/fbAQLP

exports[`AddwordsPresetsComponent should render correctly 1`] = `
<ContentComponent>
  <h2>
    Add words from presets
  </h2>
  <form>
    <label
      htmlFor="categories"
    >
      Choose category:
    </label>
    <select
      className="custom-form-control"
      id="categories"
      name="category"
      onChange={[MockFunction]}
    />
  </form>
  <div
    className="d-flex align-self-end mt-3 px-0"
  >
    <button
      className="btn btn-link "
      onClick={[MockFunction]}
    >
      Add selected
    </button>
    <button
      className="btn btn-link pr-0"
      onClick={[MockFunction]}
    >
      Add all
    </button>
  </div>
  <WordsTableComponent
    handleCheck={[MockFunction]}
    words={Array []}
  />
  <PaginationComponent />
</ContentComponent>
`;
