// Jest Snapshot v1, https://goo.gl/fbAQLP

exports[`CustomAlertComponent should render correctly 1`] = `
<Alert
  className="d-flex justify-content-center py-2 rounded-0"
  closeAriaLabel="Close"
  color="success"
  fade={true}
  isOpen={true}
  tag="div"
  toggle={[MockFunction]}
  transition={
    Object {
      "baseClass": "alert-anim",
      "onExited": [MockFunction],
      "timeout": 300,
    }
  }
>
  test
</Alert>
`;
