// Jest Snapshot v1, https://goo.gl/fbAQLP

exports[`LoginComponent should render correctly 1`] = `
<ContentComponent>
  <h2>
    Login
  </h2>
  <form
    className="d-flex flex-column"
  >
    <input
      className="m-2 custom-form-control"
      id="username"
      name="username"
      onChange={[MockFunction]}
      placeholder="Enter username"
      type="text"
    />
    <input
      className="m-2 custom-form-control"
      id="upassword"
      name="password"
      onChange={[MockFunction]}
      placeholder="Enter password"
      type="password"
    />
    <button
      className="custom-btn theme-primary m-2 px-4 align-self-center"
      onClick={[MockFunction]}
    >
      Login
    </button>
  </form>
</ContentComponent>
`;
