// Jest Snapshot v1, https://goo.gl/fbAQLP

exports[`MyWordsAllComponent should render correctly 1`] = `
<ContentComponent>
  <h2>
    All my words
  </h2>
  <div
    className="d-flex align-self-end px-0"
  >
    <button
      className="btn btn-link "
      onClick={[MockFunction]}
    >
      Delete selected
    </button>
    <button
      className="btn btn-link pr-0"
      onClick={[MockFunction]}
    >
      Delete all
    </button>
  </div>
  <WordsTableComponent
    handleCheck={[MockFunction]}
    words={Array []}
  />
</ContentComponent>
`;
