// Jest Snapshot v1, https://goo.gl/fbAQLP

exports[`MywordsLearnedComponent should render correctly 1`] = `
<ContentComponent>
  <h2>
    My learned words
  </h2>
  <div
    className="d-flex align-self-end px-0"
  >
    <button
      className="btn btn-link "
      onClick={[MockFunction]}
    >
      Learn again selected
    </button>
    <button
      className="btn btn-link pr-0"
      onClick={[MockFunction]}
    >
      Learn all
    </button>
  </div>
  <WordsTableComponent
    handleCheck={[MockFunction]}
  />
  <PaginationComponent />
</ContentComponent>
`;
