// Jest Snapshot v1, https://goo.gl/fbAQLP

exports[`NavBarComponent should render correctly 1`] = `
<nav
  className="px-4 py-1 h-100"
>
  <Nav
    className="my-3"
    tag="ul"
    vertical={true}
  >
    <Component
      link="/signup"
      src="user.png"
      text="Sign Up"
      visible={false}
    />
    <Component
      link="/login"
      src="user.png"
      text="Log in"
      visible={false}
    />
    <Component
      link="/logout"
      src="user.png"
      text="Log out"
      visible={true}
    />
    <Component
      link="/getstarted"
      src="getstarted.png"
      text="Get started"
    />
    <Component
      link="/settings"
      src="settings.png"
      text="Settings"
      visible={true}
    />
  </Nav>
  <Nav
    className="my-5"
    tag="ul"
    vertical={true}
  >
    <Component
      link="/addwords"
      src="addwords.png"
      text="Add words"
      visible={true}
    />
    <Component
      link="/learnwords"
      src="learnwords.png"
      text="Learn words"
      visible={true}
    />
    <Component
      link="/mywords"
      src="mywords.png"
      text="My words"
      visible={true}
    />
    <Component
      link="/wordstrainer"
      src="wordstrainer.png"
      text="Words trainer"
      visible={true}
    />
  </Nav>
  <Nav
    className="my-3"
    tag="ul"
    vertical={true}
  >
    <Component
      link="/news"
      src="news.png"
      text="News"
    />
    <Component
      link="/about"
      src="about.png"
      text="About"
    />
  </Nav>
</nav>
`;
