// Jest Snapshot v1, https://goo.gl/fbAQLP

exports[`NavItemComponent should render correctly 1`] = `
<NavItem
  className="media item"
  tag="li"
>
  <img
    alt="img"
    className="align-self-center link-img"
    src="#"
  />
  <div
    className="media-body align-self-center"
  >
    <NavLink
      className="link p-1"
      tag={[Function]}
      to=""
    >
      <h5
        className="m-0 p-0"
      />
    </NavLink>
  </div>
</NavItem>
`;
